3143645445443
1033544444552
2245745476644
2344646455644
3254745544343